<html>
<body>
<pre>
<h1>µVision Build Log</h1>
<h2>Tool Versions:</h2>
IDE-Version: µVision V5.25.2.0
Copyright (C) 2018 ARM Ltd and ARM Germany GmbH. All rights reserved.
License Information: Shutian Wang, HongLou, LIC=----
 
Tool Versions:
Toolchain:       MDK-Lite  Version: 5.25.2.0
Toolchain Path:  C:\Keil_v5\ARM\ARMCC\Bin
C Compiler:      Armcc.exe V5.06 update 6 (build 750)
Assembler:       Armasm.exe V5.06 update 6 (build 750)
Linker/Locator:  ArmLink.exe V5.06 update 6 (build 750)
Library Manager: ArmAr.exe V5.06 update 6 (build 750)
Hex Converter:   FromElf.exe V5.06 update 6 (build 750)
CPU DLL:         SARMCM3.DLL V5.25.2.0
Dialog DLL:      DCM.DLL V1.17.1.0
Target DLL:      UL2CM3.DLL V1.160.12.0
Dialog DLL:      TCM.DLL V1.35.1.0
 
<h2>Project:</h2>
D:\Work\Storage\Elect\Program\Intl_Car\Project\RVMDK£¨uv5£©\Intl_car.uvprojx
Project File Date:  09/12/2018

<h2>Output:</h2>
*** Using Compiler 'V5.06 update 6 (build 750)', folder: 'C:\Keil_v5\ARM\ARMCC\Bin'
Build target 'uCOSSTM32F10xTemplate'
compiling bsp_led.c...
compiling wifi.c...
compiling bsp.c...
compiling app.c...
..\..\User\APP\app.c(77): warning:  #1295-D: Deprecated declaration AppWiFi - give arg types
  void AppWiFi();
..\..\User\APP\app.c(187): warning:  #188-D: enumerated type mixed with another type
  		if(Init_Server_Con(33))
..\..\User\APP\app.c(164): warning:  #177-D: function "AppTaskCreate"  was declared but never referenced
  static void AppTaskCreate(void)
..\..\User\APP\app.c: 3 warnings, 0 errors
compiling LCD1602.c...
compiling Config.c...
compiling bsp_esp8266.c...
compiling Timer.c...
linking...
Program Size: Code=19548 RO-data=864 RW-data=268 ZI-data=36844  
".\Objects\ISO-STM32.axf" - 0 Error(s), 3 Warning(s).

<h2>Software Packages used:</h2>

Package Vendor: Keil
                http://www.keil.com/pack/Keil.STM32F1xx_DFP.2.2.0.pack
                Keil.STM32F1xx_DFP.2.2.0
                STMicroelectronics STM32F1 Series Device Support, Drivers and Examples

<h2>Collection of Component include folders:</h2>
  .\RTE\_uCOSSTM32F10xTemplate
  C:\Keil_v5\ARM\PACK\Keil\STM32F1xx_DFP\2.2.0\Device\Include

<h2>Collection of Component Files used:</h2>
Build Time Elapsed:  00:00:02
</pre>
</body>
</html>
